[templates.envytheme.com/erudex/default/index.html]
[backblue.gif]
[fade.gif]
[index.html]
[templates.envytheme.com/erudex/default/assets/images/favicon.png]
[templates.envytheme.com/erudex/default/assets/css/bootstrap.min.css]
[templates.envytheme.com/erudex/default/assets/css/animate.min.css]
[templates.envytheme.com/erudex/default/assets/css/owl.carousel.min.css]
[templates.envytheme.com/erudex/default/assets/css/owl.theme.default.min.css]
[templates.envytheme.com/erudex/default/assets/css/meanmenu.min.css]
[templates.envytheme.com/erudex/default/assets/css/magnific-popup.min.css]
[templates.envytheme.com/erudex/default/assets/css/icofont.min.css]
[templates.envytheme.com/erudex/default/assets/css/flaticon.css]
[templates.envytheme.com/erudex/default/assets/css/nice-select.css]
[templates.envytheme.com/erudex/default/assets/css/style.css]
[templates.envytheme.com/erudex/default/assets/css/responsive.css]
[templates.envytheme.com/erudex/default/contact.html]
[templates.envytheme.com/erudex/default/assets/images/logo.png]
[templates.envytheme.com/erudex/default/index-2.html]
[templates.envytheme.com/erudex/default/index-3.html]
[templates.envytheme.com/erudex/default/about-us.html]
[templates.envytheme.com/erudex/default/services.html]
[templates.envytheme.com/erudex/default/service-robotic-animation.html]
[templates.envytheme.com/erudex/default/pricing.html]
[templates.envytheme.com/erudex/default/faqs.html]
[templates.envytheme.com/erudex/default/our-team.html]
[templates.envytheme.com/erudex/default/projects.html]
[templates.envytheme.com/erudex/default/single-project.html]
[templates.envytheme.com/erudex/default/cases.html]
[templates.envytheme.com/erudex/default/cases-two-columns.html]
[templates.envytheme.com/erudex/default/single-case.html]
[templates.envytheme.com/erudex/default/testimonial.html]
[templates.envytheme.com/erudex/default/our-clients.html]
[templates.envytheme.com/erudex/default/careers.html]
[templates.envytheme.com/erudex/default/products.html]
[templates.envytheme.com/erudex/default/single-product.html]
[templates.envytheme.com/erudex/default/cart.html]
[templates.envytheme.com/erudex/default/checkout.html]
[templates.envytheme.com/erudex/default/authentication.html]
[templates.envytheme.com/erudex/default/forget-password.html]
[templates.envytheme.com/erudex/default/my-account.html]
[templates.envytheme.com/erudex/default/my-orders.html]
[templates.envytheme.com/erudex/default/my-addresses.html]
[templates.envytheme.com/erudex/default/demo-product.html]
[templates.envytheme.com/erudex/default/feedback.html]
[templates.envytheme.com/erudex/default/terms-of-service.html]
[templates.envytheme.com/erudex/default/privacy-policy.html]
[templates.envytheme.com/erudex/default/search-page.html]
[templates.envytheme.com/erudex/default/404.html]
[templates.envytheme.com/erudex/default/coming-soon.html]
[templates.envytheme.com/erudex/default/blogs-without-right-sidebar.html]
[templates.envytheme.com/erudex/default/blogs-right-sidebar.html]
[templates.envytheme.com/erudex/default/single-blog.html]
[templates.envytheme.com/erudex/default/assets/images/homepage-one/header-shape.png]
[templates.envytheme.com/erudex/default/assets/images/feature-shape/feature-shape-1.png]
[templates.envytheme.com/erudex/default/service-predictive-analytics.html]
[templates.envytheme.com/erudex/default/service-deep-learning.html]
[templates.envytheme.com/erudex/default/service-data-mining.html]
[templates.envytheme.com/erudex/default/service-statistical-modeling.html]
[templates.envytheme.com/erudex/default/service-security-&-surveillance.html]
[templates.envytheme.com/erudex/default/assets/images/process/process-one.png]
[templates.envytheme.com/erudex/default/assets/images/process/process-two.png]
[templates.envytheme.com/erudex/default/assets/images/process/process-three.png]
[templates.envytheme.com/erudex/default/assets/images/testimonial-1.jpg]
[templates.envytheme.com/erudex/default/assets/images/testimonial-2.jpg]
[templates.envytheme.com/erudex/default/assets/images/testimonial-3.jpg]
[templates.envytheme.com/erudex/default/assets/images/testimonial-4.jpg]
[templates.envytheme.com/erudex/default/assets/images/blogs/blog-1.jpg]
[templates.envytheme.com/erudex/default/assets/images/blogs/blog-author-1.jpg]
[templates.envytheme.com/erudex/default/assets/images/blogs/blog-2.jpg]
[templates.envytheme.com/erudex/default/assets/images/blogs/blog-author-2.jpg]
[templates.envytheme.com/erudex/default/assets/images/blogs/blog-3.jpg]
[templates.envytheme.com/erudex/default/assets/images/blogs/blog-author-3.jpg]
[templates.envytheme.com/erudex/default/assets/images/shape-1.png]
[templates.envytheme.com/erudex/default/assets/images/shape-2.png]
[templates.envytheme.com/erudex/default/assets/images/logo-white.png]
[templates.envytheme.com/cdn-cgi/scripts/5c5dd728/cloudflare-static/email-decode.min.js]
[templates.envytheme.com/erudex/default/assets/js/jquery.min.js]
[templates.envytheme.com/erudex/default/assets/js/bootstrap.bundle.min.js]
[templates.envytheme.com/erudex/default/assets/js/jquery.magnific-popup.min.js]
[templates.envytheme.com/erudex/default/assets/js/owl.carousel.min.js]
[templates.envytheme.com/erudex/default/assets/js/jquery.nice-select.min.js]
[templates.envytheme.com/erudex/default/assets/js/jquery.ajaxchimp.min.js]
[templates.envytheme.com/erudex/default/assets/js/form-validator.min.js]
[templates.envytheme.com/erudex/default/assets/js/contact-form-script.js]
[templates.envytheme.com/erudex/default/assets/js/jquery.meanmenu.min.js]
[templates.envytheme.com/erudex/default/index.html]
[templates.envytheme.com/erudex/default/assets/css/bootstrap.min.css]
[templates.envytheme.com/erudex/default/assets/css/animate.min.css]
[templates.envytheme.com/erudex/default/assets/js/script.js]
[templates.envytheme.com/erudex/default/assets/css/owl.video.play.png]
[templates.envytheme.com/erudex/default/assets/css/owl.carousel.min.css]
[templates.envytheme.com/erudex/default/assets/css/owl.theme.default.min.css]
[templates.envytheme.com/erudex/default/assets/css/meanmenu.min.css]
[templates.envytheme.com/erudex/default/assets/css/magnific-popup.min.css]
[templates.envytheme.com/erudex/default/assets/fonts/icofont.woff2]
[templates.envytheme.com/erudex/default/assets/css/icofont.min.css]
[templates.envytheme.com/erudex/default/assets/fonts/icofont.woff]
[templates.envytheme.com/erudex/default/assets/fonts/Flaticon.eot]
[templates.envytheme.com/erudex/default/assets/fonts/Flaticond41d.eot]
[templates.envytheme.com/erudex/default/assets/fonts/Flaticon.woff2]
[templates.envytheme.com/erudex/default/assets/fonts/Flaticon.woff]
[templates.envytheme.com/erudex/default/assets/fonts/Flaticon.ttf]
[templates.envytheme.com/erudex/default/assets/css/flaticon.css]
[templates.envytheme.com/erudex/default/assets/css/nice-select.css]
[templates.envytheme.com/erudex/default/assets/fonts/Flaticon.svg]
[templates.envytheme.com/erudex/default/assets/images/chevron.png]
[templates.envytheme.com/erudex/default/assets/images/page-bg/page-bg-1.jpg]
[templates.envytheme.com/erudex/default/assets/images/page-bg/page-bg-2.jpg]
[templates.envytheme.com/erudex/default/assets/images/homepage-three/bg.jpg]
[templates.envytheme.com/erudex/default/assets/images/homepage-one/header-bg-shape.png]
[templates.envytheme.com/erudex/default/assets/images/frame-1.png]
[templates.envytheme.com/erudex/default/assets/images/process/process-shape.png]
[templates.envytheme.com/erudex/default/assets/css/style.css]
[templates.envytheme.com/erudex/default/assets/css/responsive.css]
[templates.envytheme.com/erudex/default/privacy-policy]
[templates.envytheme.com/erudex/default/contact.html]
[templates.envytheme.com/erudex/default/assets/images/homepage-two/header-shape.png]
[templates.envytheme.com/erudex/default/assets/images/process/process-four.png]
[templates.envytheme.com/erudex/default/assets/images/process/process-five.png]
[templates.envytheme.com/erudex/default/assets/images/process/process-six.png]
[templates.envytheme.com/erudex/default/assets/images/services/service-1.png]
[templates.envytheme.com/erudex/default/assets/images/services/service-2.png]
[templates.envytheme.com/erudex/default/assets/images/services/service-3.png]
[templates.envytheme.com/erudex/default/assets/images/projects/project-1.jpg]
[templates.envytheme.com/erudex/default/assets/images/projects/project-2.jpg]
[templates.envytheme.com/erudex/default/assets/images/projects/project-3.jpg]
[templates.envytheme.com/erudex/default/assets/images/cases/case-lg-1.jpg]
[templates.envytheme.com/erudex/default/assets/images/cases/case-lg-3.jpg]
[templates.envytheme.com/erudex/default/assets/images/cases/case-lg-2.jpg]
[templates.envytheme.com/erudex/default/index-2.html]
[templates.envytheme.com/erudex/default/assets/images/blogs/blog-4.jpg]
[templates.envytheme.com/erudex/default/assets/images/blogs/blog-5.jpg]
[templates.envytheme.com/erudex/default/assets/images/blogs/blog-6.jpg]
[templates.envytheme.com/erudex/default/index-3.html]
[templates.envytheme.com/erudex/default/about-us.html]
[templates.envytheme.com/erudex/default/services.html]
[templates.envytheme.com/erudex/default/assets/images/services/service-details.jpg]
[templates.envytheme.com/erudex/default/assets/images/services/service-details-1.jpg]
[templates.envytheme.com/erudex/default/assets/images/services/service-details-2.jpg]
[templates.envytheme.com/erudex/default/assets/images/author-1.jpg]
[templates.envytheme.com/erudex/default/assets/images/services/service-4.png]
[templates.envytheme.com/erudex/default/assets/images/services/service-5.png]
[templates.envytheme.com/erudex/default/assets/images/services/service-6.png]
[templates.envytheme.com/erudex/default/service-robotic-animation.html]
[templates.envytheme.com/erudex/default/pricing.html]
[templates.envytheme.com/erudex/default/faqs.html]
[templates.envytheme.com/erudex/default/assets/images/team/team-2.jpg]
[templates.envytheme.com/erudex/default/assets/images/team/team-1.jpg]
[templates.envytheme.com/erudex/default/assets/images/team/team-3.jpg]
[templates.envytheme.com/erudex/default/assets/images/team/team-4.jpg]
[templates.envytheme.com/erudex/default/assets/images/team/team-5.jpg]
[templates.envytheme.com/erudex/default/assets/images/team/team-6.jpg]
[templates.envytheme.com/erudex/default/our-team.html]
[templates.envytheme.com/erudex/default/assets/images/projects/project-4.jpg]
[templates.envytheme.com/erudex/default/assets/images/projects/project-5.jpg]
[templates.envytheme.com/erudex/default/assets/images/projects/project-6.jpg]
[templates.envytheme.com/erudex/default/projects.html]
[templates.envytheme.com/erudex/default/assets/images/projects/project-details.jpg]
[templates.envytheme.com/erudex/default/single-project.html]
[templates.envytheme.com/erudex/default/assets/images/cases/case-lg-7.jpg]
[templates.envytheme.com/erudex/default/assets/images/cases/case-lg-4.jpg]
[templates.envytheme.com/erudex/default/assets/images/cases/case-lg-5.jpg]
[templates.envytheme.com/erudex/default/assets/images/cases/case-lg-6.jpg]
[templates.envytheme.com/erudex/default/cases.html]
[templates.envytheme.com/erudex/default/cases-two-columns.html]
[templates.envytheme.com/erudex/default/single-case.html]
[templates.envytheme.com/erudex/default/testimonial.html]
[templates.envytheme.com/erudex/default/assets/images/partner/partner-1.png]
[templates.envytheme.com/erudex/default/assets/images/partner/partner-2.png]
[templates.envytheme.com/erudex/default/assets/images/partner/partner-3.png]
[templates.envytheme.com/erudex/default/assets/images/partner/partner-4.png]
[templates.envytheme.com/erudex/default/assets/images/partner/partner-5.png]
[templates.envytheme.com/erudex/default/assets/images/partner/partner-6.png]
[templates.envytheme.com/erudex/default/assets/images/partner/partner-7.png]
[templates.envytheme.com/erudex/default/our-clients.html]
[templates.envytheme.com/erudex/default/careers.html]
[templates.envytheme.com/erudex/default/assets/images/products/product-1.png]
[templates.envytheme.com/erudex/default/assets/images/products/product-2.png]
[templates.envytheme.com/erudex/default/assets/images/products/product-3.png]
[templates.envytheme.com/erudex/default/assets/images/products/product-4.png]
[templates.envytheme.com/erudex/default/assets/images/products/product-5.png]
[templates.envytheme.com/erudex/default/assets/images/products/product-6.png]
[templates.envytheme.com/erudex/default/assets/images/products/product-7.png]
[templates.envytheme.com/erudex/default/assets/images/products/product-8.png]
[templates.envytheme.com/erudex/default/products.html]
[templates.envytheme.com/erudex/default/assets/images/products/product-preview1.png]
[templates.envytheme.com/erudex/default/assets/images/products/product-preview2.png]
[templates.envytheme.com/erudex/default/assets/images/products/product-preview3.png]
[templates.envytheme.com/erudex/default/assets/images/productsproduct-preview3.png]
[templates.envytheme.com/erudex/default/single-product.html]
[templates.envytheme.com/erudex/default/assets/images/cart.png]
[templates.envytheme.com/erudex/default/cart.html]
[templates.envytheme.com/erudex/default/checkout.html]
[templates.envytheme.com/erudex/default/authentication.html]
[templates.envytheme.com/erudex/default/forget-password.html]
[templates.envytheme.com/erudex/default/my-account.html]
[templates.envytheme.com/erudex/default/my-orders.html]
[templates.envytheme.com/erudex/default/my-addresses.html]
[templates.envytheme.com/erudex/default/assets/images/demo-1.png]
[templates.envytheme.com/erudex/default/assets/images/demo-2.png]
[templates.envytheme.com/erudex/default/demo-product.html]
[templates.envytheme.com/erudex/default/feedback.html]
[templates.envytheme.com/erudex/default/terms-of-service.html]
[templates.envytheme.com/erudex/default/privacy-policy.html]
[templates.envytheme.com/erudex/default/assets/images/blogs/blog-7.jpg]
[templates.envytheme.com/erudex/default/assets/images/blogs/blog-8.jpg]
[templates.envytheme.com/erudex/default/assets/images/blogs/blog-9.jpg]
[templates.envytheme.com/erudex/default/assets/images/blogs/blog-10.jpg]
[templates.envytheme.com/erudex/default/assets/images/blogs/blog-11.jpg]
[templates.envytheme.com/erudex/default/search-page.html]
[templates.envytheme.com/erudex/default/assets/images/404.png]
[templates.envytheme.com/erudex/default/404.html]
[templates.envytheme.com/erudex/default/coming-soon.html]
[templates.envytheme.com/erudex/default/assets/images/blogs/blog-12.jpg]
[templates.envytheme.com/erudex/default/blogs-without-right-sidebar.html]
[templates.envytheme.com/erudex/default/blogs-without-right-sidebar.htm]
[templates.envytheme.com/erudex/default/blogs-right-sidebar.html]
[templates.envytheme.com/erudex/default/assets/images/blogs/blog-details.jpg]
[templates.envytheme.com/erudex/default/assets/images/blogs/blog-details-1.jpg]
[templates.envytheme.com/erudex/default/assets/images/blogs/blog-details-2.jpg]
[templates.envytheme.com/erudex/default/single-blog.html]
[templates.envytheme.com/erudex/default/service-predictive-analytics.html]
[templates.envytheme.com/erudex/default/service-deep-learning.html]
[templates.envytheme.com/erudex/default/service-data-mining.html]
[templates.envytheme.com/erudex/default/service-statistical-modeling.html]
[templates.envytheme.com/erudex/default/service-security-&-surveillance.html]
[templates.envytheme.com/erudex/default/assets/css/owl.video.play.html]
[templates.envytheme.com/erudex/default/assets/fonts/Flaticon.svg]
[templates.envytheme.com/erudex/default/privacy-policy-2.html]
[templates.envytheme.com/erudex/default/assets/images/productsproduct-preview3.html]
[templates.envytheme.com/erudex/default/blogs-without-right-sidebar-2.html]
